[WebServer] ⨯ Error: The destination stream closed early.
[WebServer]     at ignore-listed frames {
[WebServer]   digest: '870983232'
[WebServer] }
[WebServer] (node:34320) MaxListenersExceededWarning: Possible EventEmitter memory leak detected. 11 drain listeners added to [Gzip]. MaxListeners is 10. Use emitter.setMaxListeners() to increase limit
[WebServer] (Use `node --trace-warnings ...` to show where the warning was created)
[WebServer] (node:34320) MaxListenersExceededWarning: Possible EventEmitter memory leak detected. 11 drain listeners added to [Gzip]. MaxListeners is 10. Use emitter.setMaxListeners() to increase limit
[WebServer] (node:34320) MaxListenersExceededWarning: Possible EventEmitter memory leak detected. 11 drain listeners added to [Gzip]. MaxListeners is 10. Use emitter.setMaxListeners() to increase limit
[WebServer] (node:34320) MaxListenersExceededWarning: Possible EventEmitter memory leak detected. 11 drain listeners added to [Gzip]. MaxListeners is 10. Use emitter.setMaxListeners() to increase limit
[WebServer] (node:34320) MaxListenersExceededWarning: Possible EventEmitter memory leak detected. 11 drain listeners added to [Gzip]. MaxListeners is 10. Use emitter.setMaxListeners() to increase limit
[WebServer] (node:34320) MaxListenersExceededWarning: Possible EventEmitter memory leak detected. 11 drain listeners added to [Gzip]. MaxListeners is 10. Use emitter.setMaxListeners() to increase limit
[WebServer] (node:34320) MaxListenersExceededWarning: Possible EventEmitter memory leak detected. 11 drain listeners added to [Gzip]. MaxListeners is 10. Use emitter.setMaxListeners() to increase limit
[WebServer] (node:34320) MaxListenersExceededWarning: Possible EventEmitter memory leak detected. 11 drain listeners added to [Gzip]. MaxListeners is 10. Use emitter.setMaxListeners() to increase limit
[WebServer] (node:34320) MaxListenersExceededWarning: Possible EventEmitter memory leak detected. 11 drain listeners added to [Gzip]. MaxListeners is 10. Use emitter.setMaxListeners() to increase limit
[WebServer] (node:34320) MaxListenersExceededWarning: Possible EventEmitter memory leak detected. 11 drain listeners added to [Gzip]. MaxListeners is 10. Use emitter.setMaxListeners() to increase limit
[WebServer] (node:34320) MaxListenersExceededWarning: Possible EventEmitter memory leak detected. 11 drain listeners added to [Gzip]. MaxListeners is 10. Use emitter.setMaxListeners() to increase limit
[WebServer] (node:34320) MaxListenersExceededWarning: Possible EventEmitter memory leak detected. 11 drain listeners added to [Gzip]. MaxListeners is 10. Use emitter.setMaxListeners() to increase limit
[WebServer] (node:34320) MaxListenersExceededWarning: Possible EventEmitter memory leak detected. 11 drain listeners added to [Gzip]. MaxListeners is 10. Use emitter.setMaxListeners() to increase limit
[WebServer] (node:34320) MaxListenersExceededWarning: Possible EventEmitter memory leak detected. 11 drain listeners added to [Gzip]. MaxListeners is 10. Use emitter.setMaxListeners() to increase limit
[WebServer] (node:34320) MaxListenersExceededWarning: Possible EventEmitter memory leak detected. 11 drain listeners added to [Gzip]. MaxListeners is 10. Use emitter.setMaxListeners() to increase limit
[WebServer] (node:34320) MaxListenersExceededWarning: Possible EventEmitter memory leak detected. 11 drain listeners added to [Gzip]. MaxListeners is 10. Use emitter.setMaxListeners() to increase limit
[WebServer] (node:34320) MaxListenersExceededWarning: Possible EventEmitter memory leak detected. 11 drain listeners added to [Gzip]. MaxListeners is 10. Use emitter.setMaxListeners() to increase limit
[WebServer] (node:34320) MaxListenersExceededWarning: Possible EventEmitter memory leak detected. 11 drain listeners added to [Gzip]. MaxListeners is 10. Use emitter.setMaxListeners() to increase limit
[WebServer] (node:34320) MaxListenersExceededWarning: Possible EventEmitter memory leak detected. 11 drain listeners added to [Gzip]. MaxListeners is 10. Use emitter.setMaxListeners() to increase limit
[WebServer] (node:34320) MaxListenersExceededWarning: Possible EventEmitter memory leak detected. 11 drain listeners added to [Gzip]. MaxListeners is 10. Use emitter.setMaxListeners() to increase limit
[WebServer] (node:34320) MaxListenersExceededWarning: Possible EventEmitter memory leak detected. 11 drain listeners added to [Gzip]. MaxListeners is 10. Use emitter.setMaxListeners() to increase limit
[WebServer] (node:34320) MaxListenersExceededWarning: Possible EventEmitter memory leak detected. 11 drain listeners added to [Gzip]. MaxListeners is 10. Use emitter.setMaxListeners() to increase limit
[WebServer] (node:34320) MaxListenersExceededWarning: Possible EventEmitter memory leak detected. 11 drain listeners added to [Gzip]. MaxListeners is 10. Use emitter.setMaxListeners() to increase limit
[WebServer] (node:34320) MaxListenersExceededWarning: Possible EventEmitter memory leak detected. 11 drain listeners added to [Gzip]. MaxListeners is 10. Use emitter.setMaxListeners() to increase limit
[WebServer] (node:34320) MaxListenersExceededWarning: Possible EventEmitter memory leak detected. 11 drain listeners added to [Gzip]. MaxListeners is 10. Use emitter.setMaxListeners() to increase limit
[WebServer] (node:34320) MaxListenersExceededWarning: Possible EventEmitter memory leak detected. 11 drain listeners added to [Gzip]. MaxListeners is 10. Use emitter.setMaxListeners() to increase limit
[WebServer] (node:34320) MaxListenersExceededWarning: Possible EventEmitter memory leak detected. 11 drain listeners added to [Gzip]. MaxListeners is 10. Use emitter.setMaxListeners() to increase limit
[WebServer] (node:34320) MaxListenersExceededWarning: Possible EventEmitter memory leak detected. 11 drain listeners added to [Gzip]. MaxListeners is 10. Use emitter.setMaxListeners() to increase limit
[WebServer] (node:34320) MaxListenersExceededWarning: Possible EventEmitter memory leak detected. 11 drain listeners added to [Gzip]. MaxListeners is 10. Use emitter.setMaxListeners() to increase limit
[WebServer] (node:34320) MaxListenersExceededWarning: Possible EventEmitter memory leak detected. 11 drain listeners added to [Gzip]. MaxListeners is 10. Use emitter.setMaxListeners() to increase limit
[WebServer] (node:34320) MaxListenersExceededWarning: Possible EventEmitter memory leak detected. 11 drain listeners added to [Gzip]. MaxListeners is 10. Use emitter.setMaxListeners() to increase limit
[WebServer] (node:34320) MaxListenersExceededWarning: Possible EventEmitter memory leak detected. 11 drain listeners added to [Gzip]. MaxListeners is 10. Use emitter.setMaxListeners() to increase limit
[WebServer] (node:34320) MaxListenersExceededWarning: Possible EventEmitter memory leak detected. 11 drain listeners added to [Gzip]. MaxListeners is 10. Use emitter.setMaxListeners() to increase limit
[WebServer] (node:34320) MaxListenersExceededWarning: Possible EventEmitter memory leak detected. 11 drain listeners added to [Gzip]. MaxListeners is 10. Use emitter.setMaxListeners() to increase limit
[WebServer] (node:34320) MaxListenersExceededWarning: Possible EventEmitter memory leak detected. 11 drain listeners added to [Gzip]. MaxListeners is 10. Use emitter.setMaxListeners() to increase limit
[WebServer] (node:34320) MaxListenersExceededWarning: Possible EventEmitter memory leak detected. 11 drain listeners added to [Gzip]. MaxListeners is 10. Use emitter.setMaxListeners() to increase limit
[WebServer] (node:34320) MaxListenersExceededWarning: Possible EventEmitter memory leak detected. 11 drain listeners added to [Gzip]. MaxListeners is 10. Use emitter.setMaxListeners() to increase limit
[WebServer] (node:34320) MaxListenersExceededWarning: Possible EventEmitter memory leak detected. 11 drain listeners added to [Gzip]. MaxListeners is 10. Use emitter.setMaxListeners() to increase limit
[WebServer] (node:34320) MaxListenersExceededWarning: Possible EventEmitter memory leak detected. 11 drain listeners added to [Gzip]. MaxListeners is 10. Use emitter.setMaxListeners() to increase limit
[WebServer] (node:34320) MaxListenersExceededWarning: Possible EventEmitter memory leak detected. 11 drain listeners added to [Gzip]. MaxListeners is 10. Use emitter.setMaxListeners() to increase limit
[WebServer] (node:34320) MaxListenersExceededWarning: Possible EventEmitter memory leak detected. 11 drain listeners added to [Gzip]. MaxListeners is 10. Use emitter.setMaxListeners() to increase limit
[WebServer] (node:34320) MaxListenersExceededWarning: Possible EventEmitter memory leak detected. 11 drain listeners added to [Gzip]. MaxListeners is 10. Use emitter.setMaxListeners() to increase limit
[WebServer] (node:34320) MaxListenersExceededWarning: Possible EventEmitter memory leak detected. 11 drain listeners added to [Gzip]. MaxListeners is 10. Use emitter.setMaxListeners() to increase limit
[WebServer] (node:34320) MaxListenersExceededWarning: Possible EventEmitter memory leak detected. 11 drain listeners added to [Gzip]. MaxListeners is 10. Use emitter.setMaxListeners() to increase limit
[WebServer] (node:34320) MaxListenersExceededWarning: Possible EventEmitter memory leak detected. 11 drain listeners added to [Gzip]. MaxListeners is 10. Use emitter.setMaxListeners() to increase limit
[WebServer] (node:34320) MaxListenersExceededWarning: Possible EventEmitter memory leak detected. 11 drain listeners added to [Gzip]. MaxListeners is 10. Use emitter.setMaxListeners() to increase limit
[WebServer] (node:34320) MaxListenersExceededWarning: Possible EventEmitter memory leak detected. 11 drain listeners added to [Gzip]. MaxListeners is 10. Use emitter.setMaxListeners() to increase limit
[WebServer] (node:34320) MaxListenersExceededWarning: Possible EventEmitter memory leak detected. 11 drain listeners added to [Gzip]. MaxListeners is 10. Use emitter.setMaxListeners() to increase limit
[WebServer] (node:34320) MaxListenersExceededWarning: Possible EventEmitter memory leak detected. 11 drain listeners added to [Gzip]. MaxListeners is 10. Use emitter.setMaxListeners() to increase limit
[WebServer] (node:34320) MaxListenersExceededWarning: Possible EventEmitter memory leak detected. 11 drain listeners added to [Gzip]. MaxListeners is 10. Use emitter.setMaxListeners() to increase limit
[WebServer] (node:34320) MaxListenersExceededWarning: Possible EventEmitter memory leak detected. 11 drain listeners added to [Gzip]. MaxListeners is 10. Use emitter.setMaxListeners() to increase limit
[WebServer] (node:34320) MaxListenersExceededWarning: Possible EventEmitter memory leak detected. 11 drain listeners added to [Gzip]. MaxListeners is 10. Use emitter.setMaxListeners() to increase limit
[WebServer] (node:34320) MaxListenersExceededWarning: Possible EventEmitter memory leak detected. 11 drain listeners added to [Gzip]. MaxListeners is 10. Use emitter.setMaxListeners() to increase limit
[WebServer] (node:34320) MaxListenersExceededWarning: Possible EventEmitter memory leak detected. 11 drain listeners added to [Gzip]. MaxListeners is 10. Use emitter.setMaxListeners() to increase limit
[WebServer] (node:34320) MaxListenersExceededWarning: Possible EventEmitter memory leak detected. 11 drain listeners added to [Gzip]. MaxListeners is 10. Use emitter.setMaxListeners() to increase limit
[WebServer] (node:34320) MaxListenersExceededWarning: Possible EventEmitter memory leak detected. 11 drain listeners added to [Gzip]. MaxListeners is 10. Use emitter.setMaxListeners() to increase limit
[WebServer] (node:34320) MaxListenersExceededWarning: Possible EventEmitter memory leak detected. 11 drain listeners added to [Gzip]. MaxListeners is 10. Use emitter.setMaxListeners() to increase limit
[WebServer] (node:34320) MaxListenersExceededWarning: Possible EventEmitter memory leak detected. 11 drain listeners added to [Gzip]. MaxListeners is 10. Use emitter.setMaxListeners() to increase limit
[WebServer] (node:34320) MaxListenersExceededWarning: Possible EventEmitter memory leak detected. 11 drain listeners added to [Gzip]. MaxListeners is 10. Use emitter.setMaxListeners() to increase limit
[WebServer] (node:34320) MaxListenersExceededWarning: Possible EventEmitter memory leak detected. 11 drain listeners added to [Gzip]. MaxListeners is 10. Use emitter.setMaxListeners() to increase limit
[WebServer] (node:34320) MaxListenersExceededWarning: Possible EventEmitter memory leak detected. 11 drain listeners added to [Gzip]. MaxListeners is 10. Use emitter.setMaxListeners() to increase limit
[WebServer] (node:34320) MaxListenersExceededWarning: Possible EventEmitter memory leak detected. 11 drain listeners added to [Gzip]. MaxListeners is 10. Use emitter.setMaxListeners() to increase limit
[WebServer] (node:34320) MaxListenersExceededWarning: Possible EventEmitter memory leak detected. 11 drain listeners added to [Gzip]. MaxListeners is 10. Use emitter.setMaxListeners() to increase limit
[WebServer] (node:34320) MaxListenersExceededWarning: Possible EventEmitter memory leak detected. 11 drain listeners added to [Gzip]. MaxListeners is 10. Use emitter.setMaxListeners() to increase limit
[WebServer] (node:34320) MaxListenersExceededWarning: Possible EventEmitter memory leak detected. 11 drain listeners added to [Gzip]. MaxListeners is 10. Use emitter.setMaxListeners() to increase limit
[WebServer] (node:34320) MaxListenersExceededWarning: Possible EventEmitter memory leak detected. 11 drain listeners added to [Gzip]. MaxListeners is 10. Use emitter.setMaxListeners() to increase limit
[WebServer] (node:34320) MaxListenersExceededWarning: Possible EventEmitter memory leak detected. 11 drain listeners added to [Gzip]. MaxListeners is 10. Use emitter.setMaxListeners() to increase limit
[WebServer] (node:34320) MaxListenersExceededWarning: Possible EventEmitter memory leak detected. 11 drain listeners added to [Gzip]. MaxListeners is 10. Use emitter.setMaxListeners() to increase limit
[WebServer] (node:34320) MaxListenersExceededWarning: Possible EventEmitter memory leak detected. 11 drain listeners added to [Gzip]. MaxListeners is 10. Use emitter.setMaxListeners() to increase limit
[WebServer] (node:34320) MaxListenersExceededWarning: Possible EventEmitter memory leak detected. 11 drain listeners added to [Gzip]. MaxListeners is 10. Use emitter.setMaxListeners() to increase limit
[WebServer] (node:34320) MaxListenersExceededWarning: Possible EventEmitter memory leak detected. 11 drain listeners added to [Gzip]. MaxListeners is 10. Use emitter.setMaxListeners() to increase limit
[WebServer] (node:34320) MaxListenersExceededWarning: Possible EventEmitter memory leak detected. 11 drain listeners added to [Gzip]. MaxListeners is 10. Use emitter.setMaxListeners() to increase limit
[WebServer] (node:34320) MaxListenersExceededWarning: Possible EventEmitter memory leak detected. 11 drain listeners added to [Gzip]. MaxListeners is 10. Use emitter.setMaxListeners() to increase limit
[WebServer] (node:34320) MaxListenersExceededWarning: Possible EventEmitter memory leak detected. 11 drain listeners added to [Gzip]. MaxListeners is 10. Use emitter.setMaxListeners() to increase limit
[WebServer] (node:34320) MaxListenersExceededWarning: Possible EventEmitter memory leak detected. 11 drain listeners added to [Gzip]. MaxListeners is 10. Use emitter.setMaxListeners() to increase limit
[WebServer] (node:34320) MaxListenersExceededWarning: Possible EventEmitter memory leak detected. 11 drain listeners added to [Gzip]. MaxListeners is 10. Use emitter.setMaxListeners() to increase limit
[WebServer] (node:34320) MaxListenersExceededWarning: Possible EventEmitter memory leak detected. 11 drain listeners added to [Gzip]. MaxListeners is 10. Use emitter.setMaxListeners() to increase limit
[WebServer] (node:34320) MaxListenersExceededWarning: Possible EventEmitter memory leak detected. 11 drain listeners added to [Gzip]. MaxListeners is 10. Use emitter.setMaxListeners() to increase limit
[WebServer] (node:34320) MaxListenersExceededWarning: Possible EventEmitter memory leak detected. 11 drain listeners added to [Gzip]. MaxListeners is 10. Use emitter.setMaxListeners() to increase limit
[WebServer] (node:34320) MaxListenersExceededWarning: Possible EventEmitter memory leak detected. 11 drain listeners added to [Gzip]. MaxListeners is 10. Use emitter.setMaxListeners() to increase limit
[WebServer] (node:34320) MaxListenersExceededWarning: Possible EventEmitter memory leak detected. 11 drain listeners added to [Gzip]. MaxListeners is 10. Use emitter.setMaxListeners() to increase limit
[WebServer] (node:34320) MaxListenersExceededWarning: Possible EventEmitter memory leak detected. 11 drain listeners added to [Gzip]. MaxListeners is 10. Use emitter.setMaxListeners() to increase limit
[WebServer] (node:34320) MaxListenersExceededWarning: Possible EventEmitter memory leak detected. 11 drain listeners added to [Gzip]. MaxListeners is 10. Use emitter.setMaxListeners() to increase limit
[WebServer] (node:34320) MaxListenersExceededWarning: Possible EventEmitter memory leak detected. 11 drain listeners added to [Gzip]. MaxListeners is 10. Use emitter.setMaxListeners() to increase limit
[WebServer] (node:34320) MaxListenersExceededWarning: Possible EventEmitter memory leak detected. 11 drain listeners added to [Gzip]. MaxListeners is 10. Use emitter.setMaxListeners() to increase limit
[WebServer] (node:34320) MaxListenersExceededWarning: Possible EventEmitter memory leak detected. 11 drain listeners added to [Gzip]. MaxListeners is 10. Use emitter.setMaxListeners() to increase limit
[WebServer] (node:34320) MaxListenersExceededWarning: Possible EventEmitter memory leak detected. 11 drain listeners added to [Gzip]. MaxListeners is 10. Use emitter.setMaxListeners() to increase limit
[WebServer] (node:34320) MaxListenersExceededWarning: Possible EventEmitter memory leak detected. 11 drain listeners added to [Gzip]. MaxListeners is 10. Use emitter.setMaxListeners() to increase limit
[WebServer] (node:34320) MaxListenersExceededWarning: Possible EventEmitter memory leak detected. 11 drain listeners added to [Gzip]. MaxListeners is 10. Use emitter.setMaxListeners() to increase limit
[WebServer] (node:34320) MaxListenersExceededWarning: Possible EventEmitter memory leak detected. 11 drain listeners added to [Gzip]. MaxListeners is 10. Use emitter.setMaxListeners() to increase limit
[WebServer] (node:34320) MaxListenersExceededWarning: Possible EventEmitter memory leak detected. 11 drain listeners added to [Gzip]. MaxListeners is 10. Use emitter.setMaxListeners() to increase limit
[WebServer] (node:34320) MaxListenersExceededWarning: Possible EventEmitter memory leak detected. 11 drain listeners added to [Gzip]. MaxListeners is 10. Use emitter.setMaxListeners() to increase limit
[WebServer] (node:34320) MaxListenersExceededWarning: Possible EventEmitter memory leak detected. 11 drain listeners added to [Gzip]. MaxListeners is 10. Use emitter.setMaxListeners() to increase limit
[WebServer] (node:34320) MaxListenersExceededWarning: Possible EventEmitter memory leak detected. 11 drain listeners added to [Gzip]. MaxListeners is 10. Use emitter.setMaxListeners() to increase limit
[WebServer] (node:34320) MaxListenersExceededWarning: Possible EventEmitter memory leak detected. 11 drain listeners added to [Gzip]. MaxListeners is 10. Use emitter.setMaxListeners() to increase limit
[WebServer] (node:34320) MaxListenersExceededWarning: Possible EventEmitter memory leak detected. 11 drain listeners added to [Gzip]. MaxListeners is 10. Use emitter.setMaxListeners() to increase limit
[WebServer] (node:34320) MaxListenersExceededWarning: Possible EventEmitter memory leak detected. 11 drain listeners added to [Gzip]. MaxListeners is 10. Use emitter.setMaxListeners() to increase limit
[WebServer] (node:34320) MaxListenersExceededWarning: Possible EventEmitter memory leak detected. 11 drain listeners added to [Gzip]. MaxListeners is 10. Use emitter.setMaxListeners() to increase limit
[WebServer] (node:34320) MaxListenersExceededWarning: Possible EventEmitter memory leak detected. 11 drain listeners added to [Gzip]. MaxListeners is 10. Use emitter.setMaxListeners() to increase limit
[WebServer] (node:34320) MaxListenersExceededWarning: Possible EventEmitter memory leak detected. 11 drain listeners added to [Gzip]. MaxListeners is 10. Use emitter.setMaxListeners() to increase limit
[WebServer] (node:34320) MaxListenersExceededWarning: Possible EventEmitter memory leak detected. 11 drain listeners added to [Gzip]. MaxListeners is 10. Use emitter.setMaxListeners() to increase limit
[WebServer] (node:34320) MaxListenersExceededWarning: Possible EventEmitter memory leak detected. 11 drain listeners added to [Gzip]. MaxListeners is 10. Use emitter.setMaxListeners() to increase limit
[WebServer] (node:34320) MaxListenersExceededWarning: Possible EventEmitter memory leak detected. 11 drain listeners added to [Gzip]. MaxListeners is 10. Use emitter.setMaxListeners() to increase limit
[WebServer] (node:34320) MaxListenersExceededWarning: Possible EventEmitter memory leak detected. 11 drain listeners added to [Gzip]. MaxListeners is 10. Use emitter.setMaxListeners() to increase limit
[WebServer] (node:34320) MaxListenersExceededWarning: Possible EventEmitter memory leak detected. 11 drain listeners added to [Gzip]. MaxListeners is 10. Use emitter.setMaxListeners() to increase limit
[WebServer] (node:34320) MaxListenersExceededWarning: Possible EventEmitter memory leak detected. 11 drain listeners added to [Gzip]. MaxListeners is 10. Use emitter.setMaxListeners() to increase limit
[WebServer] (node:34320) MaxListenersExceededWarning: Possible EventEmitter memory leak detected. 11 drain listeners added to [Gzip]. MaxListeners is 10. Use emitter.setMaxListeners() to increase limit
[WebServer] (node:34320) MaxListenersExceededWarning: Possible EventEmitter memory leak detected. 11 drain listeners added to [Gzip]. MaxListeners is 10. Use emitter.setMaxListeners() to increase limit
[WebServer] (node:34320) MaxListenersExceededWarning: Possible EventEmitter memory leak detected. 11 drain listeners added to [Gzip]. MaxListeners is 10. Use emitter.setMaxListeners() to increase limit
[WebServer] (node:34320) MaxListenersExceededWarning: Possible EventEmitter memory leak detected. 11 drain listeners added to [Gzip]. MaxListeners is 10. Use emitter.setMaxListeners() to increase limit
[WebServer] (node:34320) MaxListenersExceededWarning: Possible EventEmitter memory leak detected. 11 drain listeners added to [Gzip]. MaxListeners is 10. Use emitter.setMaxListeners() to increase limit
[WebServer] (node:34320) MaxListenersExceededWarning: Possible EventEmitter memory leak detected. 11 drain listeners added to [Gzip]. MaxListeners is 10. Use emitter.setMaxListeners() to increase limit
[WebServer] (node:34320) MaxListenersExceededWarning: Possible EventEmitter memory leak detected. 11 drain listeners added to [Gzip]. MaxListeners is 10. Use emitter.setMaxListeners() to increase limit
[WebServer] (node:34320) MaxListenersExceededWarning: Possible EventEmitter memory leak detected. 11 drain listeners added to [Gzip]. MaxListeners is 10. Use emitter.setMaxListeners() to increase limit
[WebServer] (node:34320) MaxListenersExceededWarning: Possible EventEmitter memory leak detected. 11 drain listeners added to [Gzip]. MaxListeners is 10. Use emitter.setMaxListeners() to increase limit
[WebServer] (node:34320) MaxListenersExceededWarning: Possible EventEmitter memory leak detected. 11 drain listeners added to [Gzip]. MaxListeners is 10. Use emitter.setMaxListeners() to increase limit
[WebServer] (node:34320) MaxListenersExceededWarning: Possible EventEmitter memory leak detected. 11 drain listeners added to [Gzip]. MaxListeners is 10. Use emitter.setMaxListeners() to increase limit
[WebServer] (node:34320) MaxListenersExceededWarning: Possible EventEmitter memory leak detected. 11 drain listeners added to [Gzip]. MaxListeners is 10. Use emitter.setMaxListeners() to increase limit
[WebServer] (node:34320) MaxListenersExceededWarning: Possible EventEmitter memory leak detected. 11 drain listeners added to [Gzip]. MaxListeners is 10. Use emitter.setMaxListeners() to increase limit
[WebServer] (node:34320) MaxListenersExceededWarning: Possible EventEmitter memory leak detected. 11 drain listeners added to [Gzip]. MaxListeners is 10. Use emitter.setMaxListeners() to increase limit
[WebServer] (node:34320) MaxListenersExceededWarning: Possible EventEmitter memory leak detected. 11 drain listeners added to [Gzip]. MaxListeners is 10. Use emitter.setMaxListeners() to increase limit
[WebServer] (node:34320) MaxListenersExceededWarning: Possible EventEmitter memory leak detected. 11 drain listeners added to [Gzip]. MaxListeners is 10. Use emitter.setMaxListeners() to increase limit
[WebServer] (node:34320) MaxListenersExceededWarning: Possible EventEmitter memory leak detected. 11 drain listeners added to [Gzip]. MaxListeners is 10. Use emitter.setMaxListeners() to increase limit
[WebServer] (node:34320) MaxListenersExceededWarning: Possible EventEmitter memory leak detected. 11 drain listeners added to [Gzip]. MaxListeners is 10. Use emitter.setMaxListeners() to increase limit
[WebServer] (node:34320) MaxListenersExceededWarning: Possible EventEmitter memory leak detected. 11 drain listeners added to [Gzip]. MaxListeners is 10. Use emitter.setMaxListeners() to increase limit
[WebServer] (node:34320) MaxListenersExceededWarning: Possible EventEmitter memory leak detected. 11 drain listeners added to [Gzip]. MaxListeners is 10. Use emitter.setMaxListeners() to increase limit
[WebServer] (node:34320) MaxListenersExceededWarning: Possible EventEmitter memory leak detected. 11 drain listeners added to [Gzip]. MaxListeners is 10. Use emitter.setMaxListeners() to increase limit
[WebServer] (node:34320) MaxListenersExceededWarning: Possible EventEmitter memory leak detected. 11 drain listeners added to [Gzip]. MaxListeners is 10. Use emitter.setMaxListeners() to increase limit
[WebServer] (node:34320) MaxListenersExceededWarning: Possible EventEmitter memory leak detected. 11 drain listeners added to [Gzip]. MaxListeners is 10. Use emitter.setMaxListeners() to increase limit
[WebServer] (node:34320) MaxListenersExceededWarning: Possible EventEmitter memory leak detected. 11 drain listeners added to [Gzip]. MaxListeners is 10. Use emitter.setMaxListeners() to increase limit
[WebServer] (node:34320) MaxListenersExceededWarning: Possible EventEmitter memory leak detected. 11 drain listeners added to [Gzip]. MaxListeners is 10. Use emitter.setMaxListeners() to increase limit
[WebServer] (node:34320) MaxListenersExceededWarning: Possible EventEmitter memory leak detected. 11 drain listeners added to [Gzip]. MaxListeners is 10. Use emitter.setMaxListeners() to increase limit
[WebServer] (node:34320) MaxListenersExceededWarning: Possible EventEmitter memory leak detected. 11 drain listeners added to [Gzip]. MaxListeners is 10. Use emitter.setMaxListeners() to increase limit
[WebServer] (node:34320) MaxListenersExceededWarning: Possible EventEmitter memory leak detected. 11 drain listeners added to [Gzip]. MaxListeners is 10. Use emitter.setMaxListeners() to increase limit
[WebServer] (node:34320) MaxListenersExceededWarning: Possible EventEmitter memory leak detected. 11 drain listeners added to [Gzip]. MaxListeners is 10. Use emitter.setMaxListeners() to increase limit
[WebServer] (node:34320) MaxListenersExceededWarning: Possible EventEmitter memory leak detected. 11 drain listeners added to [Gzip]. MaxListeners is 10. Use emitter.setMaxListeners() to increase limit
[WebServer] (node:34320) MaxListenersExceededWarning: Possible EventEmitter memory leak detected. 11 drain listeners added to [Gzip]. MaxListeners is 10. Use emitter.setMaxListeners() to increase limit
[WebServer] (node:34320) MaxListenersExceededWarning: Possible EventEmitter memory leak detected. 11 drain listeners added to [Gzip]. MaxListeners is 10. Use emitter.setMaxListeners() to increase limit
[WebServer] (node:34320) MaxListenersExceededWarning: Possible EventEmitter memory leak detected. 11 drain listeners added to [Gzip]. MaxListeners is 10. Use emitter.setMaxListeners() to increase limit
[WebServer] (node:34320) MaxListenersExceededWarning: Possible EventEmitter memory leak detected. 11 drain listeners added to [Gzip]. MaxListeners is 10. Use emitter.setMaxListeners() to increase limit
[WebServer] (node:34320) MaxListenersExceededWarning: Possible EventEmitter memory leak detected. 11 drain listeners added to [Gzip]. MaxListeners is 10. Use emitter.setMaxListeners() to increase limit
[WebServer] (node:34320) MaxListenersExceededWarning: Possible EventEmitter memory leak detected. 11 drain listeners added to [Gzip]. MaxListeners is 10. Use emitter.setMaxListeners() to increase limit
[WebServer] (node:34320) MaxListenersExceededWarning: Possible EventEmitter memory leak detected. 11 drain listeners added to [Gzip]. MaxListeners is 10. Use emitter.setMaxListeners() to increase limit
[WebServer] (node:34320) MaxListenersExceededWarning: Possible EventEmitter memory leak detected. 11 drain listeners added to [Gzip]. MaxListeners is 10. Use emitter.setMaxListeners() to increase limit
[WebServer] (node:34320) MaxListenersExceededWarning: Possible EventEmitter memory leak detected. 11 drain listeners added to [Gzip]. MaxListeners is 10. Use emitter.setMaxListeners() to increase limit
[WebServer] (node:34320) MaxListenersExceededWarning: Possible EventEmitter memory leak detected. 11 drain listeners added to [Gzip]. MaxListeners is 10. Use emitter.setMaxListeners() to increase limit
[WebServer] (node:34320) MaxListenersExceededWarning: Possible EventEmitter memory leak detected. 11 drain listeners added to [Gzip]. MaxListeners is 10. Use emitter.setMaxListeners() to increase limit
[WebServer] (node:34320) MaxListenersExceededWarning: Possible EventEmitter memory leak detected. 11 drain listeners added to [Gzip]. MaxListeners is 10. Use emitter.setMaxListeners() to increase limit
[WebServer] (node:34320) MaxListenersExceededWarning: Possible EventEmitter memory leak detected. 11 drain listeners added to [Gzip]. MaxListeners is 10. Use emitter.setMaxListeners() to increase limit
[WebServer] (node:34320) MaxListenersExceededWarning: Possible EventEmitter memory leak detected. 11 drain listeners added to [Gzip]. MaxListeners is 10. Use emitter.setMaxListeners() to increase limit
[WebServer] (node:34320) MaxListenersExceededWarning: Possible EventEmitter memory leak detected. 11 drain listeners added to [Gzip]. MaxListeners is 10. Use emitter.setMaxListeners() to increase limit
[WebServer] (node:34320) MaxListenersExceededWarning: Possible EventEmitter memory leak detected. 11 drain listeners added to [Gzip]. MaxListeners is 10. Use emitter.setMaxListeners() to increase limit
[WebServer] (node:34320) MaxListenersExceededWarning: Possible EventEmitter memory leak detected. 11 drain listeners added to [Gzip]. MaxListeners is 10. Use emitter.setMaxListeners() to increase limit
[WebServer] (node:34320) MaxListenersExceededWarning: Possible EventEmitter memory leak detected. 11 drain listeners added to [Gzip]. MaxListeners is 10. Use emitter.setMaxListeners() to increase limit
[WebServer] (node:34320) MaxListenersExceededWarning: Possible EventEmitter memory leak detected. 11 drain listeners added to [Gzip]. MaxListeners is 10. Use emitter.setMaxListeners() to increase limit
[WebServer] (node:34320) MaxListenersExceededWarning: Possible EventEmitter memory leak detected. 11 drain listeners added to [Gzip]. MaxListeners is 10. Use emitter.setMaxListeners() to increase limit
[WebServer] (node:34320) MaxListenersExceededWarning: Possible EventEmitter memory leak detected. 11 drain listeners added to [Gzip]. MaxListeners is 10. Use emitter.setMaxListeners() to increase limit
[WebServer] (node:34320) MaxListenersExceededWarning: Possible EventEmitter memory leak detected. 11 drain listeners added to [Gzip]. MaxListeners is 10. Use emitter.setMaxListeners() to increase limit
[WebServer] (node:34320) MaxListenersExceededWarning: Possible EventEmitter memory leak detected. 11 drain listeners added to [Gzip]. MaxListeners is 10. Use emitter.setMaxListeners() to increase limit
[WebServer] (node:34320) MaxListenersExceededWarning: Possible EventEmitter memory leak detected. 11 drain listeners added to [Gzip]. MaxListeners is 10. Use emitter.setMaxListeners() to increase limit
[WebServer] (node:34320) MaxListenersExceededWarning: Possible EventEmitter memory leak detected. 11 drain listeners added to [Gzip]. MaxListeners is 10. Use emitter.setMaxListeners() to increase limit
[WebServer] (node:34320) MaxListenersExceededWarning: Possible EventEmitter memory leak detected. 11 drain listeners added to [Gzip]. MaxListeners is 10. Use emitter.setMaxListeners() to increase limit
[WebServer] (node:34320) MaxListenersExceededWarning: Possible EventEmitter memory leak detected. 11 drain listeners added to [Gzip]. MaxListeners is 10. Use emitter.setMaxListeners() to increase limit
[WebServer] (node:34320) MaxListenersExceededWarning: Possible EventEmitter memory leak detected. 11 drain listeners added to [Gzip]. MaxListeners is 10. Use emitter.setMaxListeners() to increase limit
[WebServer] (node:34320) MaxListenersExceededWarning: Possible EventEmitter memory leak detected. 11 drain listeners added to [Gzip]. MaxListeners is 10. Use emitter.setMaxListeners() to increase limit
[WebServer] (node:34320) MaxListenersExceededWarning: Possible EventEmitter memory leak detected. 11 drain listeners added to [Gzip]. MaxListeners is 10. Use emitter.setMaxListeners() to increase limit
[WebServer] (node:34320) MaxListenersExceededWarning: Possible EventEmitter memory leak detected. 11 drain listeners added to [Gzip]. MaxListeners is 10. Use emitter.setMaxListeners() to increase limit
[WebServer] (node:34320) MaxListenersExceededWarning: Possible EventEmitter memory leak detected. 11 drain listeners added to [Gzip]. MaxListeners is 10. Use emitter.setMaxListeners() to increase limit
[WebServer] (node:34320) MaxListenersExceededWarning: Possible EventEmitter memory leak detected. 11 drain listeners added to [Gzip]. MaxListeners is 10. Use emitter.setMaxListeners() to increase limit
[WebServer] (node:34320) MaxListenersExceededWarning: Possible EventEmitter memory leak detected. 11 drain listeners added to [Gzip]. MaxListeners is 10. Use emitter.setMaxListeners() to increase limit
[WebServer] (node:34320) MaxListenersExceededWarning: Possible EventEmitter memory leak detected. 11 drain listeners added to [Gzip]. MaxListeners is 10. Use emitter.setMaxListeners() to increase limit
[WebServer] (node:34320) MaxListenersExceededWarning: Possible EventEmitter memory leak detected. 11 drain listeners added to [Gzip]. MaxListeners is 10. Use emitter.setMaxListeners() to increase limit
[WebServer] (node:34320) MaxListenersExceededWarning: Possible EventEmitter memory leak detected. 11 drain listeners added to [Gzip]. MaxListeners is 10. Use emitter.setMaxListeners() to increase limit
[WebServer] (node:34320) MaxListenersExceededWarning: Possible EventEmitter memory leak detected. 11 drain listeners added to [Gzip]. MaxListeners is 10. Use emitter.setMaxListeners() to increase limit
[WebServer] (node:34320) MaxListenersExceededWarning: Possible EventEmitter memory leak detected. 11 drain listeners added to [Gzip]. MaxListeners is 10. Use emitter.setMaxListeners() to increase limit
[WebServer] (node:34320) MaxListenersExceededWarning: Possible EventEmitter memory leak detected. 11 drain listeners added to [Gzip]. MaxListeners is 10. Use emitter.setMaxListeners() to increase limit
[WebServer] (node:34320) MaxListenersExceededWarning: Possible EventEmitter memory leak detected. 11 drain listeners added to [Gzip]. MaxListeners is 10. Use emitter.setMaxListeners() to increase limit
[WebServer] (node:34320) MaxListenersExceededWarning: Possible EventEmitter memory leak detected. 11 drain listeners added to [Gzip]. MaxListeners is 10. Use emitter.setMaxListeners() to increase limit
[WebServer] (node:34320) MaxListenersExceededWarning: Possible EventEmitter memory leak detected. 11 drain listeners added to [Gzip]. MaxListeners is 10. Use emitter.setMaxListeners() to increase limit
[WebServer] (node:34320) MaxListenersExceededWarning: Possible EventEmitter memory leak detected. 11 drain listeners added to [Gzip]. MaxListeners is 10. Use emitter.setMaxListeners() to increase limit
[WebServer] (node:34320) MaxListenersExceededWarning: Possible EventEmitter memory leak detected. 11 drain listeners added to [Gzip]. MaxListeners is 10. Use emitter.setMaxListeners() to increase limit
[WebServer] (node:34320) MaxListenersExceededWarning: Possible EventEmitter memory leak detected. 11 drain listeners added to [Gzip]. MaxListeners is 10. Use emitter.setMaxListeners() to increase limit
[WebServer] (node:34320) MaxListenersExceededWarning: Possible EventEmitter memory leak detected. 11 drain listeners added to [Gzip]. MaxListeners is 10. Use emitter.setMaxListeners() to increase limit
[WebServer] (node:34320) MaxListenersExceededWarning: Possible EventEmitter memory leak detected. 11 drain listeners added to [Gzip]. MaxListeners is 10. Use emitter.setMaxListeners() to increase limit
[WebServer] (node:34320) MaxListenersExceededWarning: Possible EventEmitter memory leak detected. 11 drain listeners added to [Gzip]. MaxListeners is 10. Use emitter.setMaxListeners() to increase limit
[WebServer] (node:34320) MaxListenersExceededWarning: Possible EventEmitter memory leak detected. 11 drain listeners added to [Gzip]. MaxListeners is 10. Use emitter.setMaxListeners() to increase limit
[WebServer] (node:34320) MaxListenersExceededWarning: Possible EventEmitter memory leak detected. 11 drain listeners added to [Gzip]. MaxListeners is 10. Use emitter.setMaxListeners() to increase limit
[WebServer] (node:34320) MaxListenersExceededWarning: Possible EventEmitter memory leak detected. 11 drain listeners added to [Gzip]. MaxListeners is 10. Use emitter.setMaxListeners() to increase limit
[WebServer] (node:34320) MaxListenersExceededWarning: Possible EventEmitter memory leak detected. 11 drain listeners added to [Gzip]. MaxListeners is 10. Use emitter.setMaxListeners() to increase limit
[WebServer] (node:34320) MaxListenersExceededWarning: Possible EventEmitter memory leak detected. 11 drain listeners added to [Gzip]. MaxListeners is 10. Use emitter.setMaxListeners() to increase limit
[WebServer] (node:34320) MaxListenersExceededWarning: Possible EventEmitter memory leak detected. 11 drain listeners added to [Gzip]. MaxListeners is 10. Use emitter.setMaxListeners() to increase limit
[WebServer] (node:34320) MaxListenersExceededWarning: Possible EventEmitter memory leak detected. 11 drain listeners added to [Gzip]. MaxListeners is 10. Use emitter.setMaxListeners() to increase limit
[WebServer] (node:34320) MaxListenersExceededWarning: Possible EventEmitter memory leak detected. 11 drain listeners added to [Gzip]. MaxListeners is 10. Use emitter.setMaxListeners() to increase limit
[WebServer] (node:34320) MaxListenersExceededWarning: Possible EventEmitter memory leak detected. 11 drain listeners added to [Gzip]. MaxListeners is 10. Use emitter.setMaxListeners() to increase limit
[WebServer] (node:34320) MaxListenersExceededWarning: Possible EventEmitter memory leak detected. 11 drain listeners added to [Gzip]. MaxListeners is 10. Use emitter.setMaxListeners() to increase limit
[WebServer] (node:34320) MaxListenersExceededWarning: Possible EventEmitter memory leak detected. 11 drain listeners added to [Gzip]. MaxListeners is 10. Use emitter.setMaxListeners() to increase limit
[WebServer] (node:34320) MaxListenersExceededWarning: Possible EventEmitter memory leak detected. 11 drain listeners added to [Gzip]. MaxListeners is 10. Use emitter.setMaxListeners() to increase limit
[WebServer] (node:34320) MaxListenersExceededWarning: Possible EventEmitter memory leak detected. 11 drain listeners added to [Gzip]. MaxListeners is 10. Use emitter.setMaxListeners() to increase limit
[WebServer] (node:34320) MaxListenersExceededWarning: Possible EventEmitter memory leak detected. 11 drain listeners added to [Gzip]. MaxListeners is 10. Use emitter.setMaxListeners() to increase limit
[WebServer] (node:34320) MaxListenersExceededWarning: Possible EventEmitter memory leak detected. 11 drain listeners added to [Gzip]. MaxListeners is 10. Use emitter.setMaxListeners() to increase limit
[WebServer] (node:34320) MaxListenersExceededWarning: Possible EventEmitter memory leak detected. 11 drain listeners added to [Gzip]. MaxListeners is 10. Use emitter.setMaxListeners() to increase limit
[WebServer] (node:34320) MaxListenersExceededWarning: Possible EventEmitter memory leak detected. 11 drain listeners added to [Gzip]. MaxListeners is 10. Use emitter.setMaxListeners() to increase limit
[WebServer] (node:34320) MaxListenersExceededWarning: Possible EventEmitter memory leak detected. 11 drain listeners added to [Gzip]. MaxListeners is 10. Use emitter.setMaxListeners() to increase limit
[WebServer] (node:34320) MaxListenersExceededWarning: Possible EventEmitter memory leak detected. 11 drain listeners added to [Gzip]. MaxListeners is 10. Use emitter.setMaxListeners() to increase limit
[WebServer] (node:34320) MaxListenersExceededWarning: Possible EventEmitter memory leak detected. 11 drain listeners added to [Gzip]. MaxListeners is 10. Use emitter.setMaxListeners() to increase limit
[WebServer] (node:34320) MaxListenersExceededWarning: Possible EventEmitter memory leak detected. 11 drain listeners added to [Gzip]. MaxListeners is 10. Use emitter.setMaxListeners() to increase limit
[WebServer] (node:34320) MaxListenersExceededWarning: Possible EventEmitter memory leak detected. 11 drain listeners added to [Gzip]. MaxListeners is 10. Use emitter.setMaxListeners() to increase limit
[WebServer] (node:34320) MaxListenersExceededWarning: Possible EventEmitter memory leak detected. 11 drain listeners added to [Gzip]. MaxListeners is 10. Use emitter.setMaxListeners() to increase limit
[WebServer] (node:34320) MaxListenersExceededWarning: Possible EventEmitter memory leak detected. 11 drain listeners added to [Gzip]. MaxListeners is 10. Use emitter.setMaxListeners() to increase limit
[WebServer] (node:34320) MaxListenersExceededWarning: Possible EventEmitter memory leak detected. 11 drain listeners added to [Gzip]. MaxListeners is 10. Use emitter.setMaxListeners() to increase limit
[WebServer] (node:34320) MaxListenersExceededWarning: Possible EventEmitter memory leak detected. 11 drain listeners added to [Gzip]. MaxListeners is 10. Use emitter.setMaxListeners() to increase limit
[WebServer] (node:34320) MaxListenersExceededWarning: Possible EventEmitter memory leak detected. 11 drain listeners added to [Gzip]. MaxListeners is 10. Use emitter.setMaxListeners() to increase limit
[WebServer] (node:34320) MaxListenersExceededWarning: Possible EventEmitter memory leak detected. 11 drain listeners added to [Gzip]. MaxListeners is 10. Use emitter.setMaxListeners() to increase limit
[WebServer] (node:34320) MaxListenersExceededWarning: Possible EventEmitter memory leak detected. 11 drain listeners added to [Gzip]. MaxListeners is 10. Use emitter.setMaxListeners() to increase limit
[WebServer] (node:34320) MaxListenersExceededWarning: Possible EventEmitter memory leak detected. 11 drain listeners added to [Gzip]. MaxListeners is 10. Use emitter.setMaxListeners() to increase limit
[WebServer] (node:34320) MaxListenersExceededWarning: Possible EventEmitter memory leak detected. 11 drain listeners added to [Gzip]. MaxListeners is 10. Use emitter.setMaxListeners() to increase limit
[WebServer] (node:34320) MaxListenersExceededWarning: Possible EventEmitter memory leak detected. 11 drain listeners added to [Gzip]. MaxListeners is 10. Use emitter.setMaxListeners() to increase limit
[WebServer] (node:34320) MaxListenersExceededWarning: Possible EventEmitter memory leak detected. 11 drain listeners added to [Gzip]. MaxListeners is 10. Use emitter.setMaxListeners() to increase limit
[WebServer] (node:34320) MaxListenersExceededWarning: Possible EventEmitter memory leak detected. 11 drain listeners added to [Gzip]. MaxListeners is 10. Use emitter.setMaxListeners() to increase limit
[WebServer] (node:34320) MaxListenersExceededWarning: Possible EventEmitter memory leak detected. 11 drain listeners added to [Gzip]. MaxListeners is 10. Use emitter.setMaxListeners() to increase limit
[WebServer] (node:34320) MaxListenersExceededWarning: Possible EventEmitter memory leak detected. 11 drain listeners added to [Gzip]. MaxListeners is 10. Use emitter.setMaxListeners() to increase limit
[WebServer] (node:34320) MaxListenersExceededWarning: Possible EventEmitter memory leak detected. 11 drain listeners added to [Gzip]. MaxListeners is 10. Use emitter.setMaxListeners() to increase limit
[WebServer] (node:34320) MaxListenersExceededWarning: Possible EventEmitter memory leak detected. 11 drain listeners added to [Gzip]. MaxListeners is 10. Use emitter.setMaxListeners() to increase limit
[WebServer] (node:34320) MaxListenersExceededWarning: Possible EventEmitter memory leak detected. 11 drain listeners added to [Gzip]. MaxListeners is 10. Use emitter.setMaxListeners() to increase limit
[WebServer] (node:34320) MaxListenersExceededWarning: Possible EventEmitter memory leak detected. 11 drain listeners added to [Gzip]. MaxListeners is 10. Use emitter.setMaxListeners() to increase limit
[WebServer] (node:34320) MaxListenersExceededWarning: Possible EventEmitter memory leak detected. 11 drain listeners added to [Gzip]. MaxListeners is 10. Use emitter.setMaxListeners() to increase limit
[WebServer] (node:34320) MaxListenersExceededWarning: Possible EventEmitter memory leak detected. 11 drain listeners added to [Gzip]. MaxListeners is 10. Use emitter.setMaxListeners() to increase limit
[WebServer] (node:34320) MaxListenersExceededWarning: Possible EventEmitter memory leak detected. 11 drain listeners added to [Gzip]. MaxListeners is 10. Use emitter.setMaxListeners() to increase limit
[WebServer] (node:34320) MaxListenersExceededWarning: Possible EventEmitter memory leak detected. 11 drain listeners added to [Gzip]. MaxListeners is 10. Use emitter.setMaxListeners() to increase limit
[WebServer] (node:34320) MaxListenersExceededWarning: Possible EventEmitter memory leak detected. 11 drain listeners added to [Gzip]. MaxListeners is 10. Use emitter.setMaxListeners() to increase limit
[WebServer] (node:34320) MaxListenersExceededWarning: Possible EventEmitter memory leak detected. 11 drain listeners added to [Gzip]. MaxListeners is 10. Use emitter.setMaxListeners() to increase limit
[WebServer] (node:34320) MaxListenersExceededWarning: Possible EventEmitter memory leak detected. 11 drain listeners added to [Gzip]. MaxListeners is 10. Use emitter.setMaxListeners() to increase limit
[WebServer] (node:34320) MaxListenersExceededWarning: Possible EventEmitter memory leak detected. 11 drain listeners added to [Gzip]. MaxListeners is 10. Use emitter.setMaxListeners() to increase limit
[WebServer] (node:34320) MaxListenersExceededWarning: Possible EventEmitter memory leak detected. 11 drain listeners added to [Gzip]. MaxListeners is 10. Use emitter.setMaxListeners() to increase limit
[WebServer] (node:34320) MaxListenersExceededWarning: Possible EventEmitter memory leak detected. 11 drain listeners added to [Gzip]. MaxListeners is 10. Use emitter.setMaxListeners() to increase limit
[WebServer] (node:34320) MaxListenersExceededWarning: Possible EventEmitter memory leak detected. 11 drain listeners added to [Gzip]. MaxListeners is 10. Use emitter.setMaxListeners() to increase limit
[WebServer] (node:34320) MaxListenersExceededWarning: Possible EventEmitter memory leak detected. 11 drain listeners added to [Gzip]. MaxListeners is 10. Use emitter.setMaxListeners() to increase limit
[WebServer] (node:34320) MaxListenersExceededWarning: Possible EventEmitter memory leak detected. 11 drain listeners added to [Gzip]. MaxListeners is 10. Use emitter.setMaxListeners() to increase limit
[WebServer] (node:34320) MaxListenersExceededWarning: Possible EventEmitter memory leak detected. 11 drain listeners added to [Gzip]. MaxListeners is 10. Use emitter.setMaxListeners() to increase limit
[WebServer] (node:34320) MaxListenersExceededWarning: Possible EventEmitter memory leak detected. 11 drain listeners added to [Gzip]. MaxListeners is 10. Use emitter.setMaxListeners() to increase limit
[WebServer] (node:34320) MaxListenersExceededWarning: Possible EventEmitter memory leak detected. 11 drain listeners added to [Gzip]. MaxListeners is 10. Use emitter.setMaxListeners() to increase limit
[WebServer] (node:34320) MaxListenersExceededWarning: Possible EventEmitter memory leak detected. 11 drain listeners added to [Gzip]. MaxListeners is 10. Use emitter.setMaxListeners() to increase limit
[WebServer] (node:34320) MaxListenersExceededWarning: Possible EventEmitter memory leak detected. 11 drain listeners added to [Gzip]. MaxListeners is 10. Use emitter.setMaxListeners() to increase limit
[WebServer] (node:34320) MaxListenersExceededWarning: Possible EventEmitter memory leak detected. 11 drain listeners added to [Gzip]. MaxListeners is 10. Use emitter.setMaxListeners() to increase limit
[WebServer] (node:34320) MaxListenersExceededWarning: Possible EventEmitter memory leak detected. 11 drain listeners added to [Gzip]. MaxListeners is 10. Use emitter.setMaxListeners() to increase limit
[WebServer] (node:34320) MaxListenersExceededWarning: Possible EventEmitter memory leak detected. 11 drain listeners added to [Gzip]. MaxListeners is 10. Use emitter.setMaxListeners() to increase limit
[WebServer] (node:34320) MaxListenersExceededWarning: Possible EventEmitter memory leak detected. 11 drain listeners added to [Gzip]. MaxListeners is 10. Use emitter.setMaxListeners() to increase limit
[WebServer] (node:34320) MaxListenersExceededWarning: Possible EventEmitter memory leak detected. 11 drain listeners added to [Gzip]. MaxListeners is 10. Use emitter.setMaxListeners() to increase limit
[WebServer] (node:34320) MaxListenersExceededWarning: Possible EventEmitter memory leak detected. 11 drain listeners added to [Gzip]. MaxListeners is 10. Use emitter.setMaxListeners() to increase limit
[WebServer] (node:34320) MaxListenersExceededWarning: Possible EventEmitter memory leak detected. 11 drain listeners added to [Gzip]. MaxListeners is 10. Use emitter.setMaxListeners() to increase limit
[WebServer] (node:34320) MaxListenersExceededWarning: Possible EventEmitter memory leak detected. 11 drain listeners added to [Gzip]. MaxListeners is 10. Use emitter.setMaxListeners() to increase limit
[WebServer] (node:34320) MaxListenersExceededWarning: Possible EventEmitter memory leak detected. 11 drain listeners added to [Gzip]. MaxListeners is 10. Use emitter.setMaxListeners() to increase limit
[WebServer] (node:34320) MaxListenersExceededWarning: Possible EventEmitter memory leak detected. 11 drain listeners added to [Gzip]. MaxListeners is 10. Use emitter.setMaxListeners() to increase limit
[WebServer] (node:34320) MaxListenersExceededWarning: Possible EventEmitter memory leak detected. 11 drain listeners added to [Gzip]. MaxListeners is 10. Use emitter.setMaxListeners() to increase limit
[WebServer] (node:34320) MaxListenersExceededWarning: Possible EventEmitter memory leak detected. 11 drain listeners added to [Gzip]. MaxListeners is 10. Use emitter.setMaxListeners() to increase limit
[WebServer] (node:34320) MaxListenersExceededWarning: Possible EventEmitter memory leak detected. 11 drain listeners added to [Gzip]. MaxListeners is 10. Use emitter.setMaxListeners() to increase limit
[WebServer] (node:34320) MaxListenersExceededWarning: Possible EventEmitter memory leak detected. 11 drain listeners added to [Gzip]. MaxListeners is 10. Use emitter.setMaxListeners() to increase limit
[WebServer] (node:34320) MaxListenersExceededWarning: Possible EventEmitter memory leak detected. 11 drain listeners added to [Gzip]. MaxListeners is 10. Use emitter.setMaxListeners() to increase limit
[WebServer] (node:34320) MaxListenersExceededWarning: Possible EventEmitter memory leak detected. 11 drain listeners added to [Gzip]. MaxListeners is 10. Use emitter.setMaxListeners() to increase limit
[WebServer] (node:34320) MaxListenersExceededWarning: Possible EventEmitter memory leak detected. 11 drain listeners added to [Gzip]. MaxListeners is 10. Use emitter.setMaxListeners() to increase limit
[WebServer] (node:34320) MaxListenersExceededWarning: Possible EventEmitter memory leak detected. 11 drain listeners added to [Gzip]. MaxListeners is 10. Use emitter.setMaxListeners() to increase limit
[WebServer] (node:34320) MaxListenersExceededWarning: Possible EventEmitter memory leak detected. 11 drain listeners added to [Gzip]. MaxListeners is 10. Use emitter.setMaxListeners() to increase limit
[WebServer] (node:34320) MaxListenersExceededWarning: Possible EventEmitter memory leak detected. 11 drain listeners added to [Gzip]. MaxListeners is 10. Use emitter.setMaxListeners() to increase limit
[WebServer] (node:34320) MaxListenersExceededWarning: Possible EventEmitter memory leak detected. 11 drain listeners added to [Gzip]. MaxListeners is 10. Use emitter.setMaxListeners() to increase limit
[WebServer] (node:34320) MaxListenersExceededWarning: Possible EventEmitter memory leak detected. 11 drain listeners added to [Gzip]. MaxListeners is 10. Use emitter.setMaxListeners() to increase limit
[WebServer] (node:34320) MaxListenersExceededWarning: Possible EventEmitter memory leak detected. 11 drain listeners added to [Gzip]. MaxListeners is 10. Use emitter.setMaxListeners() to increase limit
[WebServer] (node:34320) MaxListenersExceededWarning: Possible EventEmitter memory leak detected. 11 drain listeners added to [Gzip]. MaxListeners is 10. Use emitter.setMaxListeners() to increase limit
[WebServer] (node:34320) MaxListenersExceededWarning: Possible EventEmitter memory leak detected. 11 drain listeners added to [Gzip]. MaxListeners is 10. Use emitter.setMaxListeners() to increase limit
[WebServer] (node:34320) MaxListenersExceededWarning: Possible EventEmitter memory leak detected. 11 drain listeners added to [Gzip]. MaxListeners is 10. Use emitter.setMaxListeners() to increase limit
[WebServer] (node:34320) MaxListenersExceededWarning: Possible EventEmitter memory leak detected. 11 drain listeners added to [Gzip]. MaxListeners is 10. Use emitter.setMaxListeners() to increase limit
[WebServer] (node:34320) MaxListenersExceededWarning: Possible EventEmitter memory leak detected. 11 drain listeners added to [Gzip]. MaxListeners is 10. Use emitter.setMaxListeners() to increase limit
[WebServer] (node:34320) MaxListenersExceededWarning: Possible EventEmitter memory leak detected. 11 drain listeners added to [Gzip]. MaxListeners is 10. Use emitter.setMaxListeners() to increase limit
[WebServer] (node:34320) MaxListenersExceededWarning: Possible EventEmitter memory leak detected. 11 drain listeners added to [Gzip]. MaxListeners is 10. Use emitter.setMaxListeners() to increase limit
[WebServer] (node:34320) MaxListenersExceededWarning: Possible EventEmitter memory leak detected. 11 drain listeners added to [Gzip]. MaxListeners is 10. Use emitter.setMaxListeners() to increase limit
[WebServer] (node:34320) MaxListenersExceededWarning: Possible EventEmitter memory leak detected. 11 drain listeners added to [Gzip]. MaxListeners is 10. Use emitter.setMaxListeners() to increase limit
[WebServer] (node:34320) MaxListenersExceededWarning: Possible EventEmitter memory leak detected. 11 drain listeners added to [Gzip]. MaxListeners is 10. Use emitter.setMaxListeners() to increase limit
[WebServer] (node:34320) MaxListenersExceededWarning: Possible EventEmitter memory leak detected. 11 drain listeners added to [Gzip]. MaxListeners is 10. Use emitter.setMaxListeners() to increase limit
[WebServer] (node:34320) MaxListenersExceededWarning: Possible EventEmitter memory leak detected. 11 drain listeners added to [Gzip]. MaxListeners is 10. Use emitter.setMaxListeners() to increase limit
